Vivado Simulator 2018.2
Copyright 1986-1999, 2001-2018 Xilinx, Inc. All Rights Reserved.
Running: D:/Vivado/Vivado/2018.2/bin/unwrapped/win64.o/xelab.exe -wto c5e211a677664013b4c7687c725313d9 --incr --debug typical --relax --mt 2 -L xil_defaultlib -L secureip --snapshot TB_Nanoprocessor1_behav xil_defaultlib.TB_Nanoprocessor1 -log elaborate.log 
Using 2 slave threads.
Starting static elaboration
Completed static elaboration
Starting simulation data flow analysis
Completed simulation data flow analysis
Time Resolution for simulation is 1ps
Compiling package std.standard
Compiling package std.textio
Compiling package ieee.std_logic_1164
Compiling package ieee.numeric_std
Compiling architecture behavioral of entity xil_defaultlib.Decoder_2_to_4 [decoder_2_to_4_default]
Compiling architecture behavioral of entity xil_defaultlib.ins_decoder [ins_decoder_default]
Compiling architecture behavioral of entity xil_defaultlib.MUX_2_way_4_bit [mux_2_way_4_bit_default]
Compiling architecture behavioral of entity xil_defaultlib.Decoder_3_to_8 [decoder_3_to_8_default]
Compiling architecture behavioral of entity xil_defaultlib.Register_4_bit [register_4_bit_default]
Compiling architecture behavioral of entity xil_defaultlib.RegisterBank [registerbank_default]
Compiling architecture behavioral of entity xil_defaultlib.MUX_8_to_1 [mux_8_to_1_default]
Compiling architecture behavioral of entity xil_defaultlib.MUX_8_way_4_bit [mux_8_way_4_bit_default]
Compiling architecture behavioral of entity xil_defaultlib.HA [ha_default]
Compiling architecture behavioral of entity xil_defaultlib.FA [fa_default]
Compiling architecture behavioral of entity xil_defaultlib.Add_Sub_4 [add_sub_4_default]
Compiling architecture behavioral of entity xil_defaultlib.D_FF [d_ff_default]
Compiling architecture behavioral of entity xil_defaultlib.ProgramCounter [programcounter_default]
Compiling architecture behavioral of entity xil_defaultlib.RCA_3 [rca_3_default]
Compiling architecture behavioral of entity xil_defaultlib.MUX_2_way_3_bit [mux_2_way_3_bit_default]
Compiling architecture behavioral of entity xil_defaultlib.PROM [prom_default]
Compiling architecture behavioral of entity xil_defaultlib.LUT_16_7 [lut_16_7_default]
Compiling architecture behavioral of entity xil_defaultlib.Nanoprocessor1 [nanoprocessor1_default]
Compiling architecture behavioral of entity xil_defaultlib.tb_nanoprocessor1
Built simulation snapshot TB_Nanoprocessor1_behav
